// Jest Snapshot v1, https://goo.gl/fbAQLP

exports[`leaderboard subcommand Limit defaults to 5 if invalid characters provided 1`] = `
{
  "embeds": [
    {
      "color": 13407555,
      "description": "1 - user100 [1000 points] :tada: 
2 - user101 [999 points] 
3 - user102 [998 points] 
4 - user103 [997 points] 
5 - user104 [996 points] 
",
      "title": "TOP Discord points leaderboard",
    },
  ],
}
`;

exports[`leaderboard subcommand Limit defaults to 5 if limit not provided 1`] = `
{
  "embeds": [
    {
      "color": 13407555,
      "description": "1 - user100 [1000 points] :tada: 
2 - user101 [999 points] 
3 - user102 [998 points] 
4 - user103 [997 points] 
5 - user104 [996 points] 
",
      "title": "TOP Discord points leaderboard",
    },
  ],
}
`;

exports[`leaderboard subcommand Limit defaults to 5 if limit provided lower than 1 1`] = `
{
  "embeds": [
    {
      "color": 13407555,
      "description": "1 - user100 [1000 points] :tada: 
2 - user101 [999 points] 
3 - user102 [998 points] 
4 - user103 [997 points] 
5 - user104 [996 points] 
",
      "title": "TOP Discord points leaderboard",
    },
  ],
}
`;

exports[`leaderboard subcommand Limit defaults to 25 if limit provided is higher than 25 1`] = `
{
  "embeds": [
    {
      "color": 13407555,
      "description": "1 - user100 [1000 points] :tada: 
2 - user101 [999 points] 
3 - user102 [998 points] 
4 - user103 [997 points] 
5 - user104 [996 points] 
6 - user105 [995 points] 
7 - user106 [994 points] 
8 - user107 [993 points] 
9 - user108 [992 points] 
10 - user109 [991 points] 
11 - user110 [990 points] 
12 - user111 [989 points] 
13 - user112 [988 points] 
14 - user113 [987 points] 
15 - user114 [986 points] 
16 - user115 [985 points] 
17 - user116 [984 points] 
18 - user117 [983 points] 
19 - user118 [982 points] 
20 - user119 [981 points] 
21 - user120 [980 points] 
22 - user121 [979 points] 
23 - user122 [978 points] 
24 - user123 [977 points] 
25 - user124 [976 points] 
",
      "title": "TOP Discord points leaderboard",
    },
  ],
}
`;

exports[`leaderboard subcommand Limit does not exceed users length 1`] = `
{
  "embeds": [
    {
      "color": 13407555,
      "description": "1 - user100 [1000 points] :tada: 
2 - user101 [999 points] 
3 - user102 [998 points] 
4 - user103 [997 points] 
5 - user104 [996 points] 
",
      "title": "TOP Discord points leaderboard",
    },
  ],
}
`;

exports[`leaderboard subcommand Members who left are filtered out 1`] = `
{
  "embeds": [
    {
      "color": 13407555,
      "description": "1 - user120 [980 points] :tada: 
2 - user121 [979 points] 
3 - user122 [978 points] 
4 - user123 [977 points] 
5 - user124 [976 points] 
",
      "title": "TOP Discord points leaderboard",
    },
  ],
}
`;

exports[`leaderboard subcommand Offset cannot exceed max users length 1`] = `
{
  "embeds": [
    {
      "color": 13407555,
      "description": "46 - user145 [955 points] 
47 - user146 [954 points] 
48 - user147 [953 points] 
49 - user148 [952 points] 
50 - user149 [951 points] 
",
      "title": "TOP Discord points leaderboard",
    },
  ],
}
`;

exports[`leaderboard subcommand Offset defaults to 0 if invalid characters provided 1`] = `
{
  "embeds": [
    {
      "color": 13407555,
      "description": "1 - user100 [1000 points] :tada: 
2 - user101 [999 points] 
3 - user102 [998 points] 
4 - user103 [997 points] 
5 - user104 [996 points] 
",
      "title": "TOP Discord points leaderboard",
    },
  ],
}
`;

exports[`leaderboard subcommand Offset defaults to 0 if negative value provided 1`] = `
{
  "embeds": [
    {
      "color": 13407555,
      "description": "1 - user100 [1000 points] :tada: 
2 - user101 [999 points] 
3 - user102 [998 points] 
4 - user103 [997 points] 
5 - user104 [996 points] 
",
      "title": "TOP Discord points leaderboard",
    },
  ],
}
`;

exports[`leaderboard subcommand Offset defaults to 0 if not provided 1`] = `
{
  "embeds": [
    {
      "color": 13407555,
      "description": "1 - user100 [1000 points] :tada: 
2 - user101 [999 points] 
3 - user102 [998 points] 
4 - user103 [997 points] 
5 - user104 [996 points] 
",
      "title": "TOP Discord points leaderboard",
    },
  ],
}
`;

exports[`leaderboard subcommand Offset show the last users depending on limit if offset is too high 1`] = `
{
  "embeds": [
    {
      "color": 13407555,
      "description": "46 - user145 [955 points] 
47 - user146 [954 points] 
48 - user147 [953 points] 
49 - user148 [952 points] 
50 - user149 [951 points] 
",
      "title": "TOP Discord points leaderboard",
    },
  ],
}
`;

exports[`leaderboard subcommand Return the correct limit, moving offset backward if necessary 1`] = `
{
  "embeds": [
    {
      "color": 13407555,
      "description": "51 - user150 [950 points] 
52 - user151 [949 points] 
53 - user152 [948 points] 
54 - user153 [947 points] 
55 - user154 [946 points] 
56 - user155 [945 points] 
57 - user156 [944 points] 
58 - user157 [943 points] 
59 - user158 [942 points] 
60 - user159 [941 points] 
",
      "title": "TOP Discord points leaderboard",
    },
  ],
}
`;

exports[`leaderboard subcommand Returned users length matches limit 1`] = `
{
  "embeds": [
    {
      "color": 13407555,
      "description": "1 - user100 [1000 points] :tada: 
2 - user101 [999 points] 
3 - user102 [998 points] 
4 - user103 [997 points] 
5 - user104 [996 points] 
6 - user105 [995 points] 
7 - user106 [994 points] 
8 - user107 [993 points] 
",
      "title": "TOP Discord points leaderboard",
    },
  ],
}
`;

exports[`leaderboard subcommand Returns be the first to earn points message if no user in database 1`] = `
{
  "embeds": [
    {
      "color": 13407555,
      "description": "Be the first to earn a point!",
      "title": "TOP Discord points leaderboard",
    },
  ],
}
`;

exports[`leaderboard subcommand Returns users starting from offset 1`] = `
{
  "embeds": [
    {
      "color": 13407555,
      "description": "6 - user105 [995 points] 
7 - user106 [994 points] 
8 - user107 [993 points] 
9 - user108 [992 points] 
10 - user109 [991 points] 
",
      "title": "TOP Discord points leaderboard",
    },
  ],
}
`;

exports[`leaderboard subcommand escapes markdown correctly 1`] = `
{
  "embeds": [
    {
      "color": 13407555,
      "description": "1 - user100 \\|\\|test\\|\\| [1000 points] :tada: 
2 - user101 \\*test\\* [999 points] 
3 - user102 \\*\\*test\\*\\* [998 points] 
4 - user103 \\\`test\\\` [997 points] 
5 - user104 \\|\\|test\\|\\| [996 points] 
",
      "title": "TOP Discord points leaderboard",
    },
  ],
}
`;

exports[`user subcommand Escapes markdown 1`] = `
{
  "embeds": [
    {
      "color": 13407555,
      "fields": [
        {
          "name": "Points",
          "value": "Mark \\*down\\* has 1 point",
        },
        {
          "name": "Rank",
          "value": "Mark \\*down\\* is ranked number 6",
        },
      ],
      "title": "TOP Discord points for Mark \\*down\\*",
    },
  ],
}
`;

exports[`user subcommand Format the points word properly for 1 point 1`] = `
{
  "embeds": [
    {
      "color": 13407555,
      "fields": [
        {
          "name": "Points",
          "value": "NotOdin has 1 point",
        },
        {
          "name": "Rank",
          "value": "NotOdin is ranked number 5",
        },
      ],
      "title": "TOP Discord points for NotOdin",
    },
  ],
}
`;

exports[`user subcommand Formats the points word correctly for more than 1 points 1`] = `
{
  "embeds": [
    {
      "color": 13407555,
      "fields": [
        {
          "name": "Points",
          "value": "Dog has 1000 points",
        },
        {
          "name": "Rank",
          "value": "Dog is ranked number 2",
        },
      ],
      "title": "TOP Discord points for Dog",
    },
  ],
}
`;

exports[`user subcommand Formats the points word properly for 0 points 1`] = `
{
  "embeds": [
    {
      "color": 13407555,
      "fields": [
        {
          "name": "Points",
          "value": "OldestUser has 0 points",
        },
        {
          "name": "Rank",
          "value": "OldestUser currently has no rank in the leaderboard",
        },
      ],
      "title": "TOP Discord points for OldestUser",
    },
  ],
}
`;

exports[`user subcommand Rank append emoji to first ranked user 1`] = `
{
  "embeds": [
    {
      "color": 13407555,
      "fields": [
        {
          "name": "Points",
          "value": "Cat has 3000 points",
        },
        {
          "name": "Rank",
          "value": "Cat is ranked number 1 :tada:",
        },
      ],
      "title": "TOP Discord points for Cat",
    },
  ],
}
`;

exports[`user subcommand Return correct rank for user ignoring members that has left 1`] = `
{
  "embeds": [
    {
      "color": 13407555,
      "fields": [
        {
          "name": "Points",
          "value": "Dog has 1000 points",
        },
        {
          "name": "Rank",
          "value": "Dog is ranked number 2",
        },
      ],
      "title": "TOP Discord points for Dog",
    },
  ],
}
`;

exports[`user subcommand Return correct rank for user ignoring members that has left 2`] = `
{
  "embeds": [
    {
      "color": 13407555,
      "fields": [
        {
          "name": "Points",
          "value": "Someone has 20 points",
        },
        {
          "name": "Rank",
          "value": "Someone is ranked number 3",
        },
      ],
      "title": "TOP Discord points for Someone",
    },
  ],
}
`;

exports[`user subcommand Return correct rank for user ignoring members that has left 3`] = `
{
  "embeds": [
    {
      "color": 13407555,
      "fields": [
        {
          "name": "Points",
          "value": "Tree has 15 points",
        },
        {
          "name": "Rank",
          "value": "Tree is ranked number 4",
        },
      ],
      "title": "TOP Discord points for Tree",
    },
  ],
}
`;

exports[`user subcommand Return correct reply when user is not in database 1`] = `
{
  "embeds": [
    {
      "color": 13407555,
      "fields": [
        {
          "name": "Points",
          "value": "OldUser has 0 points",
        },
        {
          "name": "Rank",
          "value": "OldUser currently has no rank in the leaderboard",
        },
      ],
      "title": "TOP Discord points for OldUser",
    },
  ],
}
`;
