// Jest Snapshot v1, https://goo.gl/fbAQLP

exports[`?bootcamps callback returns correct output 1`] = `"Friends don't let friends commit to bootcamps without being informed.  https://twitter.com/lzsthw/status/1212284566431576069"`;
