// Jest Snapshot v1, https://goo.gl/fbAQLP

exports[`!debug callback should return the correct output 1`] = `
Object {
  "embeds": Array [
    Object {
      "color": 13407555,
      "description": "Based on the description of your problem, you can get to the root of it using a debugger. Learning how to track down problems like this is an inevitable part of being a developer.",
      "fields": Array [
        Object {
          "name": "Javascript",
          "value": "https://developers.google.com/web/tools/chrome-devtools/javascript",
        },
        Object {
          "name": "Ruby",
          "value": "https://www.theodinproject.com/lessons/ruby-debugging#debugging-with-pry-byebug",
        },
      ],
      "title": "DEBUGGING",
      "url": "https://en.wikipedia.org/wiki/Debugging",
    },
  ],
}
`;
