// Jest Snapshot v1, https://goo.gl/fbAQLP

exports[`?mv callback returns correct output 1`] = `"Microverse is using The Odin Project's licensed content without permission. Please read this: https://discord.com/channels/505093832157691914/505093832157691916/781170792095809547"`;
