// Jest Snapshot v1, https://goo.gl/fbAQLP

exports[`?notes callback returns correct output 1`] = `"To note, or not to note, that is the question. Please read this: https://discord.com/channels/505093832157691914/505093832157691916/768161823366578176"`;
