// Jest Snapshot v1, https://goo.gl/fbAQLP

exports[`?top callback returns correct output 1`] = `"The Odin Project. Your Career in Web Development Starts Here. <https://www.theodinproject.com> "`;
