// Jest Snapshot v1, https://goo.gl/fbAQLP

exports[`!windows callback returns correct output 1`] = `
Object {
  "embeds": Array [
    Object {
      "color": 13407555,
      "description": "**The Odin Project does not support Windows, WSL, or any OS outside of our recommendations**. We are happy to assist with any questions about installing a VM or dual booting Linux. <https://www.theodinproject.com/paths/foundations/courses/foundations/lessons/installation-overview#os-options>",
      "title": "Windows",
      "url": "https://www.theodinproject.com/paths/foundations/courses/foundations/lessons/installation-overview#os-options",
    },
  ],
}
`;
